[     738ms] [ERROR] Failed to load resource: the server responded with a status of 404 (Not Found) @ http://localhost:3100/_vercel/insights/script.js:0
[     738ms] [LOG] [Vercel Web Analytics] Failed to load script from /_vercel/insights/script.js. Be sure to enable Web Analytics for your project and deploy again. See https://vercel.com/docs/analytics/quickstart for more information. @ http://localhost:3100/_next/static/chunks/0t4qxxq861bcb.js:0
[     770ms] [ERROR] Failed to load resource: the server responded with a status of 404 (Not Found) @ http://localhost:3100/_vercel/speed-insights/script.js:0
[     770ms] [LOG] [Vercel Speed Insights] Failed to load script from /_vercel/speed-insights/script.js. Please check if any content blockers are enabled and try again. @ http://localhost:3100/_next/static/chunks/0t4qxxq861bcb.js:0
[   47565ms] [ERROR] Failed to load resource: the server responded with a status of 404 (Not Found) @ http://localhost:3100/_vercel/insights/script.js:0
[   47567ms] [LOG] [Vercel Web Analytics] Failed to load script from /_vercel/insights/script.js. Be sure to enable Web Analytics for your project and deploy again. See https://vercel.com/docs/analytics/quickstart for more information. @ http://localhost:3100/_next/static/chunks/0t4qxxq861bcb.js:0
[   47614ms] [ERROR] Failed to load resource: the server responded with a status of 404 (Not Found) @ http://localhost:3100/_vercel/speed-insights/script.js:0
[   47615ms] [LOG] [Vercel Speed Insights] Failed to load script from /_vercel/speed-insights/script.js. Please check if any content blockers are enabled and try again. @ http://localhost:3100/_next/static/chunks/0t4qxxq861bcb.js:0
[   67872ms] [ERROR] Failed to load resource: the server responded with a status of 404 (Not Found) @ http://localhost:3100/_vercel/insights/script.js:0
[   67874ms] [LOG] [Vercel Web Analytics] Failed to load script from /_vercel/insights/script.js. Be sure to enable Web Analytics for your project and deploy again. See https://vercel.com/docs/analytics/quickstart for more information. @ http://localhost:3100/_next/static/chunks/0t4qxxq861bcb.js:0
[   67914ms] [ERROR] Failed to load resource: the server responded with a status of 404 (Not Found) @ http://localhost:3100/_vercel/speed-insights/script.js:0
[   67914ms] [LOG] [Vercel Speed Insights] Failed to load script from /_vercel/speed-insights/script.js. Please check if any content blockers are enabled and try again. @ http://localhost:3100/_next/static/chunks/0t4qxxq861bcb.js:0
[   80150ms] [ERROR] Failed to load resource: the server responded with a status of 404 (Not Found) @ http://localhost:3100/_vercel/insights/script.js:0
[   80152ms] [LOG] [Vercel Web Analytics] Failed to load script from /_vercel/insights/script.js. Be sure to enable Web Analytics for your project and deploy again. See https://vercel.com/docs/analytics/quickstart for more information. @ http://localhost:3100/_next/static/chunks/0t4qxxq861bcb.js:0
[   80196ms] [ERROR] Failed to load resource: the server responded with a status of 404 (Not Found) @ http://localhost:3100/_vercel/speed-insights/script.js:0
[   80196ms] [LOG] [Vercel Speed Insights] Failed to load script from /_vercel/speed-insights/script.js. Please check if any content blockers are enabled and try again. @ http://localhost:3100/_next/static/chunks/0t4qxxq861bcb.js:0
[   92823ms] [ERROR] Failed to load resource: the server responded with a status of 404 (Not Found) @ http://localhost:3100/_vercel/insights/script.js:0
[   92824ms] [LOG] [Vercel Web Analytics] Failed to load script from /_vercel/insights/script.js. Be sure to enable Web Analytics for your project and deploy again. See https://vercel.com/docs/analytics/quickstart for more information. @ http://localhost:3100/_next/static/chunks/0t4qxxq861bcb.js:0
[   92868ms] [ERROR] Failed to load resource: the server responded with a status of 404 (Not Found) @ http://localhost:3100/_vercel/speed-insights/script.js:0
[   92868ms] [LOG] [Vercel Speed Insights] Failed to load script from /_vercel/speed-insights/script.js. Please check if any content blockers are enabled and try again. @ http://localhost:3100/_next/static/chunks/0t4qxxq861bcb.js:0
[  105752ms] [ERROR] Failed to load resource: the server responded with a status of 404 (Not Found) @ http://localhost:3100/_vercel/insights/script.js:0
[  105756ms] [LOG] [Vercel Web Analytics] Failed to load script from /_vercel/insights/script.js. Be sure to enable Web Analytics for your project and deploy again. See https://vercel.com/docs/analytics/quickstart for more information. @ http://localhost:3100/_next/static/chunks/0t4qxxq861bcb.js:0
[  105839ms] [ERROR] Failed to load resource: the server responded with a status of 404 (Not Found) @ http://localhost:3100/_vercel/speed-insights/script.js:0
[  105839ms] [LOG] [Vercel Speed Insights] Failed to load script from /_vercel/speed-insights/script.js. Please check if any content blockers are enabled and try again. @ http://localhost:3100/_next/static/chunks/0t4qxxq861bcb.js:0
[  118122ms] [ERROR] Failed to load resource: the server responded with a status of 404 (Not Found) @ http://localhost:3100/_vercel/insights/script.js:0
[  118125ms] [LOG] [Vercel Web Analytics] Failed to load script from /_vercel/insights/script.js. Be sure to enable Web Analytics for your project and deploy again. See https://vercel.com/docs/analytics/quickstart for more information. @ http://localhost:3100/_next/static/chunks/0t4qxxq861bcb.js:0
[  118223ms] [ERROR] Failed to load resource: the server responded with a status of 404 (Not Found) @ http://localhost:3100/_vercel/speed-insights/script.js:0
[  118223ms] [LOG] [Vercel Speed Insights] Failed to load script from /_vercel/speed-insights/script.js. Please check if any content blockers are enabled and try again. @ http://localhost:3100/_next/static/chunks/0t4qxxq861bcb.js:0
[  130448ms] [ERROR] Failed to load resource: the server responded with a status of 404 (Not Found) @ http://localhost:3100/_vercel/insights/script.js:0
[  130455ms] [LOG] [Vercel Web Analytics] Failed to load script from /_vercel/insights/script.js. Be sure to enable Web Analytics for your project and deploy again. See https://vercel.com/docs/analytics/quickstart for more information. @ http://localhost:3100/_next/static/chunks/0t4qxxq861bcb.js:0
[  130634ms] [ERROR] Failed to load resource: the server responded with a status of 404 (Not Found) @ http://localhost:3100/_vercel/speed-insights/script.js:0
[  130634ms] [LOG] [Vercel Speed Insights] Failed to load script from /_vercel/speed-insights/script.js. Please check if any content blockers are enabled and try again. @ http://localhost:3100/_next/static/chunks/0t4qxxq861bcb.js:0
[  150303ms] [ERROR] Failed to load resource: the server responded with a status of 404 (Not Found) @ http://localhost:3100/_vercel/insights/script.js:0
[  150305ms] [LOG] [Vercel Web Analytics] Failed to load script from /_vercel/insights/script.js. Be sure to enable Web Analytics for your project and deploy again. See https://vercel.com/docs/analytics/quickstart for more information. @ http://localhost:3100/_next/static/chunks/0t4qxxq861bcb.js:0
[  150387ms] [ERROR] Failed to load resource: the server responded with a status of 404 (Not Found) @ http://localhost:3100/_vercel/speed-insights/script.js:0
[  150387ms] [LOG] [Vercel Speed Insights] Failed to load script from /_vercel/speed-insights/script.js. Please check if any content blockers are enabled and try again. @ http://localhost:3100/_next/static/chunks/0t4qxxq861bcb.js:0
[  155513ms] [ERROR] Failed to load resource: the server responded with a status of 404 (Not Found) @ http://localhost:3100/_vercel/insights/script.js:0
[  155515ms] [LOG] [Vercel Web Analytics] Failed to load script from /_vercel/insights/script.js. Be sure to enable Web Analytics for your project and deploy again. See https://vercel.com/docs/analytics/quickstart for more information. @ http://localhost:3100/_next/static/chunks/0t4qxxq861bcb.js:0
[  155651ms] [ERROR] Failed to load resource: the server responded with a status of 404 (Not Found) @ http://localhost:3100/_vercel/speed-insights/script.js:0
[  155651ms] [LOG] [Vercel Speed Insights] Failed to load script from /_vercel/speed-insights/script.js. Please check if any content blockers are enabled and try again. @ http://localhost:3100/_next/static/chunks/0t4qxxq861bcb.js:0
[  186788ms] [ERROR] Failed to load resource: the server responded with a status of 404 (Not Found) @ http://localhost:3100/_vercel/insights/script.js:0
[  186790ms] [LOG] [Vercel Web Analytics] Failed to load script from /_vercel/insights/script.js. Be sure to enable Web Analytics for your project and deploy again. See https://vercel.com/docs/analytics/quickstart for more information. @ http://localhost:3100/_next/static/chunks/0t4qxxq861bcb.js:0
[  186879ms] [ERROR] Failed to load resource: the server responded with a status of 404 (Not Found) @ http://localhost:3100/_vercel/speed-insights/script.js:0
[  186879ms] [LOG] [Vercel Speed Insights] Failed to load script from /_vercel/speed-insights/script.js. Please check if any content blockers are enabled and try again. @ http://localhost:3100/_next/static/chunks/0t4qxxq861bcb.js:0
[  197454ms] [ERROR] Failed to load resource: the server responded with a status of 404 (Not Found) @ http://localhost:3100/_vercel/insights/script.js:0
[  197456ms] [LOG] [Vercel Web Analytics] Failed to load script from /_vercel/insights/script.js. Be sure to enable Web Analytics for your project and deploy again. See https://vercel.com/docs/analytics/quickstart for more information. @ http://localhost:3100/_next/static/chunks/0t4qxxq861bcb.js:0
[  197542ms] [ERROR] Failed to load resource: the server responded with a status of 404 (Not Found) @ http://localhost:3100/_vercel/speed-insights/script.js:0
[  197543ms] [LOG] [Vercel Speed Insights] Failed to load script from /_vercel/speed-insights/script.js. Please check if any content blockers are enabled and try again. @ http://localhost:3100/_next/static/chunks/0t4qxxq861bcb.js:0
[  221545ms] [ERROR] Failed to load resource: the server responded with a status of 404 (Not Found) @ http://localhost:3100/_vercel/insights/script.js:0
[  221547ms] [LOG] [Vercel Web Analytics] Failed to load script from /_vercel/insights/script.js. Be sure to enable Web Analytics for your project and deploy again. See https://vercel.com/docs/analytics/quickstart for more information. @ http://localhost:3100/_next/static/chunks/0t4qxxq861bcb.js:0
[  221607ms] [ERROR] Failed to load resource: the server responded with a status of 404 (Not Found) @ http://localhost:3100/_vercel/speed-insights/script.js:0
[  221607ms] [LOG] [Vercel Speed Insights] Failed to load script from /_vercel/speed-insights/script.js. Please check if any content blockers are enabled and try again. @ http://localhost:3100/_next/static/chunks/0t4qxxq861bcb.js:0
[  238405ms] [ERROR] Failed to load resource: the server responded with a status of 404 (Not Found) @ http://localhost:3100/_vercel/insights/script.js:0
[  238407ms] [LOG] [Vercel Web Analytics] Failed to load script from /_vercel/insights/script.js. Be sure to enable Web Analytics for your project and deploy again. See https://vercel.com/docs/analytics/quickstart for more information. @ http://localhost:3100/_next/static/chunks/0t4qxxq861bcb.js:0
[  238452ms] [ERROR] Failed to load resource: the server responded with a status of 404 (Not Found) @ http://localhost:3100/_vercel/speed-insights/script.js:0
[  238452ms] [LOG] [Vercel Speed Insights] Failed to load script from /_vercel/speed-insights/script.js. Please check if any content blockers are enabled and try again. @ http://localhost:3100/_next/static/chunks/0t4qxxq861bcb.js:0
[  399550ms] [ERROR] Failed to load resource: the server responded with a status of 404 (Not Found) @ http://localhost:3100/_vercel/insights/script.js:0
[  399553ms] [LOG] [Vercel Web Analytics] Failed to load script from /_vercel/insights/script.js. Be sure to enable Web Analytics for your project and deploy again. See https://vercel.com/docs/analytics/quickstart for more information. @ http://localhost:3100/_next/static/chunks/0t4qxxq861bcb.js:0
[  399643ms] [ERROR] Failed to load resource: the server responded with a status of 404 (Not Found) @ http://localhost:3100/_vercel/speed-insights/script.js:0
[  399644ms] [LOG] [Vercel Speed Insights] Failed to load script from /_vercel/speed-insights/script.js. Please check if any content blockers are enabled and try again. @ http://localhost:3100/_next/static/chunks/0t4qxxq861bcb.js:0
[  402668ms] [ERROR] Failed to load resource: the server responded with a status of 404 () @ https://i.ytimg.com/vi/e81ad5MpfQ0/maxresdefault.jpg:0
[  410915ms] [ERROR] Failed to load resource: the server responded with a status of 404 (Not Found) @ http://localhost:3100/_vercel/insights/script.js:0
[  410917ms] [LOG] [Vercel Web Analytics] Failed to load script from /_vercel/insights/script.js. Be sure to enable Web Analytics for your project and deploy again. See https://vercel.com/docs/analytics/quickstart for more information. @ http://localhost:3100/_next/static/chunks/0t4qxxq861bcb.js:0
[  410972ms] [ERROR] Failed to load resource: the server responded with a status of 404 (Not Found) @ http://localhost:3100/_vercel/speed-insights/script.js:0
[  410972ms] [LOG] [Vercel Speed Insights] Failed to load script from /_vercel/speed-insights/script.js. Please check if any content blockers are enabled and try again. @ http://localhost:3100/_next/static/chunks/0t4qxxq861bcb.js:0
[  412502ms] [ERROR] Failed to load resource: the server responded with a status of 404 () @ https://pbs.twimg.com/media/D9Jl7ozU8AEB_gV?format=webp&amp;name=large:0
[  418993ms] [ERROR] Failed to load resource: the server responded with a status of 404 () @ https://i.ytimg.com/vi/e81ad5MpfQ0/maxresdefault.jpg:0
[  419154ms] [ERROR] Failed to load resource: the server responded with a status of 404 (Not Found) @ http://localhost:3100/_vercel/insights/script.js:0
[  419157ms] [LOG] [Vercel Web Analytics] Failed to load script from /_vercel/insights/script.js. Be sure to enable Web Analytics for your project and deploy again. See https://vercel.com/docs/analytics/quickstart for more information. @ http://localhost:3100/_next/static/chunks/0t4qxxq861bcb.js:0
[  419245ms] [ERROR] Failed to load resource: the server responded with a status of 404 (Not Found) @ http://localhost:3100/_vercel/speed-insights/script.js:0
[  419245ms] [LOG] [Vercel Speed Insights] Failed to load script from /_vercel/speed-insights/script.js. Please check if any content blockers are enabled and try again. @ http://localhost:3100/_next/static/chunks/0t4qxxq861bcb.js:0
[  427356ms] [ERROR] Failed to load resource: the server responded with a status of 404 (Not Found) @ http://localhost:3100/_vercel/insights/script.js:0
[  427358ms] [LOG] [Vercel Web Analytics] Failed to load script from /_vercel/insights/script.js. Be sure to enable Web Analytics for your project and deploy again. See https://vercel.com/docs/analytics/quickstart for more information. @ http://localhost:3100/_next/static/chunks/0t4qxxq861bcb.js:0
[  427576ms] [ERROR] Failed to load resource: the server responded with a status of 404 (Not Found) @ http://localhost:3100/_vercel/speed-insights/script.js:0
[  427576ms] [LOG] [Vercel Speed Insights] Failed to load script from /_vercel/speed-insights/script.js. Please check if any content blockers are enabled and try again. @ http://localhost:3100/_next/static/chunks/0t4qxxq861bcb.js:0
[  428487ms] [ERROR] Failed to load resource: the server responded with a status of 404 () @ https://pbs.twimg.com/media/D9Jl7ozU8AEB_gV?format=webp&amp;name=large:0
[  505429ms] [ERROR] Failed to load resource: the server responded with a status of 404 (Not Found) @ http://localhost:3100/_vercel/insights/script.js:0
[  505431ms] [LOG] [Vercel Web Analytics] Failed to load script from /_vercel/insights/script.js. Be sure to enable Web Analytics for your project and deploy again. See https://vercel.com/docs/analytics/quickstart for more information. @ http://localhost:3100/_next/static/chunks/0t4qxxq861bcb.js:0
[  505510ms] [ERROR] Failed to load resource: the server responded with a status of 404 (Not Found) @ http://localhost:3100/_vercel/speed-insights/script.js:0
[  505510ms] [LOG] [Vercel Speed Insights] Failed to load script from /_vercel/speed-insights/script.js. Please check if any content blockers are enabled and try again. @ http://localhost:3100/_next/static/chunks/0t4qxxq861bcb.js:0
[  507152ms] [ERROR] Failed to load resource: the server responded with a status of 404 () @ https://i.ytimg.com/vi/e81ad5MpfQ0/maxresdefault.jpg:0
[  516295ms] [ERROR] Failed to load resource: the server responded with a status of 404 (Not Found) @ http://localhost:3100/_vercel/insights/script.js:0
[  516297ms] [LOG] [Vercel Web Analytics] Failed to load script from /_vercel/insights/script.js. Be sure to enable Web Analytics for your project and deploy again. See https://vercel.com/docs/analytics/quickstart for more information. @ http://localhost:3100/_next/static/chunks/0t4qxxq861bcb.js:0
[  516343ms] [ERROR] Failed to load resource: the server responded with a status of 404 (Not Found) @ http://localhost:3100/_vercel/speed-insights/script.js:0
[  516344ms] [LOG] [Vercel Speed Insights] Failed to load script from /_vercel/speed-insights/script.js. Please check if any content blockers are enabled and try again. @ http://localhost:3100/_next/static/chunks/0t4qxxq861bcb.js:0
[  525467ms] [ERROR] Failed to load resource: the server responded with a status of 404 (Not Found) @ http://localhost:3100/_vercel/insights/script.js:0
[  525469ms] [LOG] [Vercel Web Analytics] Failed to load script from /_vercel/insights/script.js. Be sure to enable Web Analytics for your project and deploy again. See https://vercel.com/docs/analytics/quickstart for more information. @ http://localhost:3100/_next/static/chunks/0t4qxxq861bcb.js:0
[  525513ms] [ERROR] Failed to load resource: the server responded with a status of 404 (Not Found) @ http://localhost:3100/_vercel/speed-insights/script.js:0
[  525513ms] [LOG] [Vercel Speed Insights] Failed to load script from /_vercel/speed-insights/script.js. Please check if any content blockers are enabled and try again. @ http://localhost:3100/_next/static/chunks/0t4qxxq861bcb.js:0
[  526775ms] [ERROR] Failed to load resource: the server responded with a status of 404 () @ https://pbs.twimg.com/media/D9Jl7ozU8AEB_gV?format=webp&amp;name=large:0
[  527326ms] [ERROR] Failed to load resource: the server responded with a status of 404 () @ https://i.ytimg.com/vi/e81ad5MpfQ0/maxresdefault.jpg:0
[  527474ms] [ERROR] Failed to load resource: the server responded with a status of 404 (Not Found) @ http://localhost:3100/_vercel/insights/script.js:0
[  527476ms] [LOG] [Vercel Web Analytics] Failed to load script from /_vercel/insights/script.js. Be sure to enable Web Analytics for your project and deploy again. See https://vercel.com/docs/analytics/quickstart for more information. @ http://localhost:3100/_next/static/chunks/0t4qxxq861bcb.js:0
[  527549ms] [ERROR] Failed to load resource: the server responded with a status of 404 (Not Found) @ http://localhost:3100/_vercel/speed-insights/script.js:0
[  527549ms] [LOG] [Vercel Speed Insights] Failed to load script from /_vercel/speed-insights/script.js. Please check if any content blockers are enabled and try again. @ http://localhost:3100/_next/static/chunks/0t4qxxq861bcb.js:0
[  536522ms] [ERROR] Failed to load resource: the server responded with a status of 404 (Not Found) @ http://localhost:3100/_vercel/insights/script.js:0
[  536524ms] [LOG] [Vercel Web Analytics] Failed to load script from /_vercel/insights/script.js. Be sure to enable Web Analytics for your project and deploy again. See https://vercel.com/docs/analytics/quickstart for more information. @ http://localhost:3100/_next/static/chunks/0t4qxxq861bcb.js:0
[  536578ms] [ERROR] Failed to load resource: the server responded with a status of 404 (Not Found) @ http://localhost:3100/_vercel/speed-insights/script.js:0
[  536579ms] [LOG] [Vercel Speed Insights] Failed to load script from /_vercel/speed-insights/script.js. Please check if any content blockers are enabled and try again. @ http://localhost:3100/_next/static/chunks/0t4qxxq861bcb.js:0
[  545836ms] [ERROR] Failed to load resource: the server responded with a status of 404 (Not Found) @ http://localhost:3100/_vercel/insights/script.js:0
[  545838ms] [LOG] [Vercel Web Analytics] Failed to load script from /_vercel/insights/script.js. Be sure to enable Web Analytics for your project and deploy again. See https://vercel.com/docs/analytics/quickstart for more information. @ http://localhost:3100/_next/static/chunks/0t4qxxq861bcb.js:0
[  545898ms] [ERROR] Failed to load resource: the server responded with a status of 404 (Not Found) @ http://localhost:3100/_vercel/speed-insights/script.js:0
[  545898ms] [LOG] [Vercel Speed Insights] Failed to load script from /_vercel/speed-insights/script.js. Please check if any content blockers are enabled and try again. @ http://localhost:3100/_next/static/chunks/0t4qxxq861bcb.js:0
[  546892ms] [ERROR] Failed to load resource: the server responded with a status of 404 () @ https://pbs.twimg.com/media/D9Jl7ozU8AEB_gV?format=webp&amp;name=large:0
[  719369ms] [ERROR] Failed to load resource: the server responded with a status of 404 (Not Found) @ http://localhost:3100/_vercel/insights/script.js:0
[  719371ms] [LOG] [Vercel Web Analytics] Failed to load script from /_vercel/insights/script.js. Be sure to enable Web Analytics for your project and deploy again. See https://vercel.com/docs/analytics/quickstart for more information. @ http://localhost:3100/_next/static/chunks/0t4qxxq861bcb.js:0
[  719463ms] [ERROR] Failed to load resource: the server responded with a status of 404 (Not Found) @ http://localhost:3100/_vercel/speed-insights/script.js:0
[  719463ms] [LOG] [Vercel Speed Insights] Failed to load script from /_vercel/speed-insights/script.js. Please check if any content blockers are enabled and try again. @ http://localhost:3100/_next/static/chunks/0t4qxxq861bcb.js:0
[  723534ms] [ERROR] Failed to load resource: the server responded with a status of 404 (Not Found) @ http://localhost:3100/_vercel/insights/script.js:0
[  723535ms] [LOG] [Vercel Web Analytics] Failed to load script from /_vercel/insights/script.js. Be sure to enable Web Analytics for your project and deploy again. See https://vercel.com/docs/analytics/quickstart for more information. @ http://localhost:3100/_next/static/chunks/0t4qxxq861bcb.js:0
[  723578ms] [ERROR] Failed to load resource: the server responded with a status of 404 (Not Found) @ http://localhost:3100/_vercel/speed-insights/script.js:0
[  723578ms] [LOG] [Vercel Speed Insights] Failed to load script from /_vercel/speed-insights/script.js. Please check if any content blockers are enabled and try again. @ http://localhost:3100/_next/static/chunks/0t4qxxq861bcb.js:0
[  725842ms] [ERROR] Failed to load resource: the server responded with a status of 404 (Not Found) @ http://localhost:3100/_vercel/insights/script.js:0
[  725843ms] [LOG] [Vercel Web Analytics] Failed to load script from /_vercel/insights/script.js. Be sure to enable Web Analytics for your project and deploy again. See https://vercel.com/docs/analytics/quickstart for more information. @ http://localhost:3100/_next/static/chunks/0t4qxxq861bcb.js:0
[  725927ms] [ERROR] Failed to load resource: the server responded with a status of 404 (Not Found) @ http://localhost:3100/_vercel/speed-insights/script.js:0
[  725927ms] [LOG] [Vercel Speed Insights] Failed to load script from /_vercel/speed-insights/script.js. Please check if any content blockers are enabled and try again. @ http://localhost:3100/_next/static/chunks/0t4qxxq861bcb.js:0
[  727964ms] [ERROR] Failed to load resource: the server responded with a status of 404 () @ https://i.ytimg.com/vi/e81ad5MpfQ0/maxresdefault.jpg:0
[  730542ms] [ERROR] Failed to load resource: the server responded with a status of 404 (Not Found) @ http://localhost:3100/_vercel/insights/script.js:0
[  730544ms] [LOG] [Vercel Web Analytics] Failed to load script from /_vercel/insights/script.js. Be sure to enable Web Analytics for your project and deploy again. See https://vercel.com/docs/analytics/quickstart for more information. @ http://localhost:3100/_next/static/chunks/0t4qxxq861bcb.js:0
[  730721ms] [ERROR] Failed to load resource: the server responded with a status of 404 (Not Found) @ http://localhost:3100/_vercel/speed-insights/script.js:0
[  730721ms] [LOG] [Vercel Speed Insights] Failed to load script from /_vercel/speed-insights/script.js. Please check if any content blockers are enabled and try again. @ http://localhost:3100/_next/static/chunks/0t4qxxq861bcb.js:0
[  734304ms] [ERROR] Failed to load resource: the server responded with a status of 404 (Not Found) @ http://localhost:3100/_vercel/insights/script.js:0
[  734306ms] [LOG] [Vercel Web Analytics] Failed to load script from /_vercel/insights/script.js. Be sure to enable Web Analytics for your project and deploy again. See https://vercel.com/docs/analytics/quickstart for more information. @ http://localhost:3100/_next/static/chunks/0t4qxxq861bcb.js:0
[  734471ms] [ERROR] Failed to load resource: the server responded with a status of 404 (Not Found) @ http://localhost:3100/_vercel/speed-insights/script.js:0
[  734471ms] [LOG] [Vercel Speed Insights] Failed to load script from /_vercel/speed-insights/script.js. Please check if any content blockers are enabled and try again. @ http://localhost:3100/_next/static/chunks/0t4qxxq861bcb.js:0
[  736097ms] [ERROR] Failed to load resource: the server responded with a status of 404 () @ https://i.ytimg.com/vi/e81ad5MpfQ0/maxresdefault.jpg:0
[  736247ms] [ERROR] Failed to load resource: the server responded with a status of 404 (Not Found) @ http://localhost:3100/_vercel/insights/script.js:0
[  736249ms] [LOG] [Vercel Web Analytics] Failed to load script from /_vercel/insights/script.js. Be sure to enable Web Analytics for your project and deploy again. See https://vercel.com/docs/analytics/quickstart for more information. @ http://localhost:3100/_next/static/chunks/0t4qxxq861bcb.js:0
[  736335ms] [ERROR] Failed to load resource: the server responded with a status of 404 (Not Found) @ http://localhost:3100/_vercel/speed-insights/script.js:0
[  736336ms] [LOG] [Vercel Speed Insights] Failed to load script from /_vercel/speed-insights/script.js. Please check if any content blockers are enabled and try again. @ http://localhost:3100/_next/static/chunks/0t4qxxq861bcb.js:0
[  737995ms] TypeError: t.getPlayerState is not a function
    at IntersectionObserver.threshold (http://localhost:3100/_next/static/chunks/0_j3i5ej01~3t.js:1:11993)
[  738017ms] TypeError: t.playVideo is not a function
    at IntersectionObserver.threshold (http://localhost:3100/_next/static/chunks/0_j3i5ej01~3t.js:1:11979)
[  738479ms] Uncaught TypeError: a.getDuration is not a function
    at f (https://www.googletagmanager.com/gtag/js?id=G-32X497HB8J:913:223)
    at onStateChange (https://www.googletagmanager.com/gtag/js?id=G-32X497HB8J:915:399)
    at <anonymous> (https://www.googletagmanager.com/gtag/js?id=G-32X497HB8J:916:470)
    at n.H (https://www.youtube.com/s/player/8ab5c328/www-widgetapi.vflset/www-widgetapi.js:134:277)
    at <anonymous> (https://www.youtube.com/s/player/8ab5c328/www-widgetapi.vflset/www-widgetapi.js:178:79)
[  745468ms] TypeError: t.getPlayerState is not a function
    at IntersectionObserver.threshold (http://localhost:3100/_next/static/chunks/0_j3i5ej01~3t.js:1:11993)
[  748946ms] TypeError: t.playVideo is not a function
    at IntersectionObserver.threshold (http://localhost:3100/_next/static/chunks/0_j3i5ej01~3t.js:1:11979)
[ 1012340ms] TypeError: t.getPlayerState is not a function
    at IntersectionObserver.threshold (http://localhost:3100/_next/static/chunks/0_j3i5ej01~3t.js:1:11993)
[ 1012987ms] [ERROR] Failed to load resource: the server responded with a status of 404 (Not Found) @ http://localhost:3100/_vercel/insights/script.js:0
[ 1012988ms] [LOG] [Vercel Web Analytics] Failed to load script from /_vercel/insights/script.js. Be sure to enable Web Analytics for your project and deploy again. See https://vercel.com/docs/analytics/quickstart for more information. @ http://localhost:3100/_next/static/chunks/0t4qxxq861bcb.js:0
[ 1013081ms] [ERROR] Failed to load resource: the server responded with a status of 404 (Not Found) @ http://localhost:3100/_vercel/speed-insights/script.js:0
[ 1013081ms] [LOG] [Vercel Speed Insights] Failed to load script from /_vercel/speed-insights/script.js. Please check if any content blockers are enabled and try again. @ http://localhost:3100/_next/static/chunks/0t4qxxq861bcb.js:0
[ 1020709ms] [ERROR] Failed to load resource: the server responded with a status of 404 (Not Found) @ http://localhost:3100/_vercel/insights/script.js:0
[ 1020711ms] [LOG] [Vercel Web Analytics] Failed to load script from /_vercel/insights/script.js. Be sure to enable Web Analytics for your project and deploy again. See https://vercel.com/docs/analytics/quickstart for more information. @ http://localhost:3100/_next/static/chunks/0t4qxxq861bcb.js:0
[ 1020762ms] [ERROR] Failed to load resource: the server responded with a status of 404 (Not Found) @ http://localhost:3100/_vercel/speed-insights/script.js:0
[ 1020762ms] [LOG] [Vercel Speed Insights] Failed to load script from /_vercel/speed-insights/script.js. Please check if any content blockers are enabled and try again. @ http://localhost:3100/_next/static/chunks/0t4qxxq861bcb.js:0
[ 1028605ms] [ERROR] Failed to load resource: the server responded with a status of 404 (Not Found) @ http://localhost:3100/_vercel/insights/script.js:0
[ 1028606ms] [LOG] [Vercel Web Analytics] Failed to load script from /_vercel/insights/script.js. Be sure to enable Web Analytics for your project and deploy again. See https://vercel.com/docs/analytics/quickstart for more information. @ http://localhost:3100/_next/static/chunks/0t4qxxq861bcb.js:0
[ 1028647ms] [ERROR] Failed to load resource: the server responded with a status of 404 (Not Found) @ http://localhost:3100/_vercel/speed-insights/script.js:0
[ 1028648ms] [LOG] [Vercel Speed Insights] Failed to load script from /_vercel/speed-insights/script.js. Please check if any content blockers are enabled and try again. @ http://localhost:3100/_next/static/chunks/0t4qxxq861bcb.js:0
[ 1036235ms] [ERROR] Failed to load resource: the server responded with a status of 404 (Not Found) @ http://localhost:3100/_vercel/insights/script.js:0
[ 1036237ms] [LOG] [Vercel Web Analytics] Failed to load script from /_vercel/insights/script.js. Be sure to enable Web Analytics for your project and deploy again. See https://vercel.com/docs/analytics/quickstart for more information. @ http://localhost:3100/_next/static/chunks/0t4qxxq861bcb.js:0
[ 1036292ms] [ERROR] Failed to load resource: the server responded with a status of 404 (Not Found) @ http://localhost:3100/_vercel/speed-insights/script.js:0
[ 1036293ms] [LOG] [Vercel Speed Insights] Failed to load script from /_vercel/speed-insights/script.js. Please check if any content blockers are enabled and try again. @ http://localhost:3100/_next/static/chunks/0t4qxxq861bcb.js:0
[ 1043905ms] [ERROR] Failed to load resource: the server responded with a status of 404 (Not Found) @ http://localhost:3100/_vercel/insights/script.js:0
[ 1043908ms] [LOG] [Vercel Web Analytics] Failed to load script from /_vercel/insights/script.js. Be sure to enable Web Analytics for your project and deploy again. See https://vercel.com/docs/analytics/quickstart for more information. @ http://localhost:3100/_next/static/chunks/0t4qxxq861bcb.js:0
[ 1044006ms] [ERROR] Failed to load resource: the server responded with a status of 404 (Not Found) @ http://localhost:3100/_vercel/speed-insights/script.js:0
[ 1044006ms] [LOG] [Vercel Speed Insights] Failed to load script from /_vercel/speed-insights/script.js. Please check if any content blockers are enabled and try again. @ http://localhost:3100/_next/static/chunks/0t4qxxq861bcb.js:0
[ 1045977ms] [ERROR] Failed to load resource: the server responded with a status of 404 () @ https://i.ytimg.com/vi/e81ad5MpfQ0/maxresdefault.jpg:0
[ 1053357ms] [ERROR] Failed to load resource: the server responded with a status of 404 (Not Found) @ http://localhost:3100/_vercel/insights/script.js:0
[ 1053359ms] [LOG] [Vercel Web Analytics] Failed to load script from /_vercel/insights/script.js. Be sure to enable Web Analytics for your project and deploy again. See https://vercel.com/docs/analytics/quickstart for more information. @ http://localhost:3100/_next/static/chunks/0t4qxxq861bcb.js:0
[ 1053401ms] [ERROR] Failed to load resource: the server responded with a status of 404 (Not Found) @ http://localhost:3100/_vercel/speed-insights/script.js:0
[ 1053402ms] [LOG] [Vercel Speed Insights] Failed to load script from /_vercel/speed-insights/script.js. Please check if any content blockers are enabled and try again. @ http://localhost:3100/_next/static/chunks/0t4qxxq861bcb.js:0
[ 1060870ms] [ERROR] Failed to load resource: the server responded with a status of 404 (Not Found) @ http://localhost:3100/_vercel/insights/script.js:0
[ 1060872ms] [LOG] [Vercel Web Analytics] Failed to load script from /_vercel/insights/script.js. Be sure to enable Web Analytics for your project and deploy again. See https://vercel.com/docs/analytics/quickstart for more information. @ http://localhost:3100/_next/static/chunks/0t4qxxq861bcb.js:0
[ 1060917ms] [ERROR] Failed to load resource: the server responded with a status of 404 (Not Found) @ http://localhost:3100/_vercel/speed-insights/script.js:0
[ 1060917ms] [LOG] [Vercel Speed Insights] Failed to load script from /_vercel/speed-insights/script.js. Please check if any content blockers are enabled and try again. @ http://localhost:3100/_next/static/chunks/0t4qxxq861bcb.js:0
[ 1068490ms] [ERROR] Failed to load resource: the server responded with a status of 404 (Not Found) @ http://localhost:3100/_vercel/insights/script.js:0
[ 1068491ms] [LOG] [Vercel Web Analytics] Failed to load script from /_vercel/insights/script.js. Be sure to enable Web Analytics for your project and deploy again. See https://vercel.com/docs/analytics/quickstart for more information. @ http://localhost:3100/_next/static/chunks/0t4qxxq861bcb.js:0
[ 1068523ms] [ERROR] Failed to load resource: the server responded with a status of 404 (Not Found) @ http://localhost:3100/_vercel/speed-insights/script.js:0
[ 1068523ms] [LOG] [Vercel Speed Insights] Failed to load script from /_vercel/speed-insights/script.js. Please check if any content blockers are enabled and try again. @ http://localhost:3100/_next/static/chunks/0t4qxxq861bcb.js:0
[ 1088274ms] [ERROR] Failed to load resource: the server responded with a status of 404 (Not Found) @ http://localhost:3100/_vercel/insights/script.js:0
[ 1088276ms] [LOG] [Vercel Web Analytics] Failed to load script from /_vercel/insights/script.js. Be sure to enable Web Analytics for your project and deploy again. See https://vercel.com/docs/analytics/quickstart for more information. @ http://localhost:3100/_next/static/chunks/0t4qxxq861bcb.js:0
[ 1088319ms] [ERROR] Failed to load resource: the server responded with a status of 404 (Not Found) @ http://localhost:3100/_vercel/speed-insights/script.js:0
[ 1088319ms] [LOG] [Vercel Speed Insights] Failed to load script from /_vercel/speed-insights/script.js. Please check if any content blockers are enabled and try again. @ http://localhost:3100/_next/static/chunks/0t4qxxq861bcb.js:0
[ 1097348ms] [ERROR] Failed to load resource: the server responded with a status of 404 (Not Found) @ http://localhost:3100/_vercel/insights/script.js:0
[ 1097350ms] [LOG] [Vercel Web Analytics] Failed to load script from /_vercel/insights/script.js. Be sure to enable Web Analytics for your project and deploy again. See https://vercel.com/docs/analytics/quickstart for more information. @ http://localhost:3100/_next/static/chunks/0t4qxxq861bcb.js:0
[ 1097393ms] [ERROR] Failed to load resource: the server responded with a status of 404 (Not Found) @ http://localhost:3100/_vercel/speed-insights/script.js:0
[ 1097393ms] [LOG] [Vercel Speed Insights] Failed to load script from /_vercel/speed-insights/script.js. Please check if any content blockers are enabled and try again. @ http://localhost:3100/_next/static/chunks/0t4qxxq861bcb.js:0
[ 1106467ms] [ERROR] Failed to load resource: the server responded with a status of 404 (Not Found) @ http://localhost:3100/_vercel/insights/script.js:0
[ 1106470ms] [LOG] [Vercel Web Analytics] Failed to load script from /_vercel/insights/script.js. Be sure to enable Web Analytics for your project and deploy again. See https://vercel.com/docs/analytics/quickstart for more information. @ http://localhost:3100/_next/static/chunks/0t4qxxq861bcb.js:0
[ 1106682ms] [ERROR] Failed to load resource: the server responded with a status of 404 (Not Found) @ http://localhost:3100/_vercel/speed-insights/script.js:0
[ 1106682ms] [LOG] [Vercel Speed Insights] Failed to load script from /_vercel/speed-insights/script.js. Please check if any content blockers are enabled and try again. @ http://localhost:3100/_next/static/chunks/0t4qxxq861bcb.js:0
[ 1115551ms] [ERROR] Failed to load resource: the server responded with a status of 404 (Not Found) @ http://localhost:3100/_vercel/insights/script.js:0
[ 1115554ms] [LOG] [Vercel Web Analytics] Failed to load script from /_vercel/insights/script.js. Be sure to enable Web Analytics for your project and deploy again. See https://vercel.com/docs/analytics/quickstart for more information. @ http://localhost:3100/_next/static/chunks/0t4qxxq861bcb.js:0
[ 1115596ms] [ERROR] Failed to load resource: the server responded with a status of 404 (Not Found) @ http://localhost:3100/_vercel/speed-insights/script.js:0
[ 1115596ms] [LOG] [Vercel Speed Insights] Failed to load script from /_vercel/speed-insights/script.js. Please check if any content blockers are enabled and try again. @ http://localhost:3100/_next/static/chunks/0t4qxxq861bcb.js:0
[ 1124610ms] [ERROR] Failed to load resource: the server responded with a status of 404 (Not Found) @ http://localhost:3100/_vercel/insights/script.js:0
[ 1124612ms] [LOG] [Vercel Web Analytics] Failed to load script from /_vercel/insights/script.js. Be sure to enable Web Analytics for your project and deploy again. See https://vercel.com/docs/analytics/quickstart for more information. @ http://localhost:3100/_next/static/chunks/0t4qxxq861bcb.js:0
[ 1124672ms] [ERROR] Failed to load resource: the server responded with a status of 404 (Not Found) @ http://localhost:3100/_vercel/speed-insights/script.js:0
[ 1124672ms] [LOG] [Vercel Speed Insights] Failed to load script from /_vercel/speed-insights/script.js. Please check if any content blockers are enabled and try again. @ http://localhost:3100/_next/static/chunks/0t4qxxq861bcb.js:0
